[24kwi2020 12:27:11.060] [main/INFO] [cpw.mods.modlauncher.Launcher/MODLAUNCHER]: ModLauncher running: args [--gameDir, ., --launchTarget, fmluserdevclient, --fml.mcpVersion, 20200307.202953, --fml.mcVersion, 1.15.2, --fml.forgeGroup, net.minecraftforge, --fml.forgeVersion, 31.1.37, --version, MOD_DEV, --assetIndex, 1.15, --assetsDir, C:\Users\kwwil\.gradle\caches\forge_gradle\assets, --username, Dev, --accessToken, ????????, --userProperties, {}]
[24kwi2020 12:27:11.064] [main/INFO] [cpw.mods.modlauncher.Launcher/MODLAUNCHER]: ModLauncher 5.0.0-milestone.4+67+b1a340b starting: java version 1.8.0_252 by Amazon.com Inc.
[24kwi2020 12:27:11.274] [main/INFO] [net.minecraftforge.fml.loading.FixSSL/CORE]: Added Lets Encrypt root certificates as additional trust
[24kwi2020 12:27:12.418] [main/INFO] [cpw.mods.modlauncher.LaunchServiceHandler/MODLAUNCHER]: Launching target 'fmluserdevclient' with arguments [--version, MOD_DEV, --gameDir, ., --assetsDir, C:\Users\kwwil\.gradle\caches\forge_gradle\assets, --assetIndex, 1.15, --username, Dev, --accessToken, ????????, --userProperties, {}]
[24kwi2020 12:27:14.781] [Render thread/INFO] [net.minecraft.client.Minecraft/]: Setting user: Dev
[24kwi2020 12:27:26.672] [Render thread/INFO] [net.minecraft.client.Minecraft/]: Backend library: LWJGL version 3.2.2 build 10
[24kwi2020 12:27:27.762] [Render thread/INFO] [STDOUT/]: [net.minecraft.util.registry.Bootstrap:printToSYSOUT:103]: ---- Minecraft Crash Report ----
// Hey, that tickles! Hehehe!

Time: 24.04.20 12:27
Description: Initializing game

java.lang.NoSuchMethodError: java.nio.ByteBuffer.rewind()Ljava/nio/ByteBuffer;
	at net.minecraft.client.MainWindow.loadIcon(MainWindow.java:188) ~[forge-1.15.2-31.1.37_mapped_stable_60-1.15-recomp.jar:?] {re:classloading,pl:runtimedistcleaner:A}
	at net.minecraft.client.MainWindow.setWindowIcon(MainWindow.java:152) ~[forge-1.15.2-31.1.37_mapped_stable_60-1.15-recomp.jar:?] {re:classloading,pl:runtimedistcleaner:A}
	at net.minecraft.client.Minecraft.<init>(Minecraft.java:380) ~[forge-1.15.2-31.1.37_mapped_stable_60-1.15-recomp.jar:?] {re:classloading,pl:accesstransformer:B,pl:runtimedistcleaner:A}
	at net.minecraft.client.main.Main.main(Main.java:141) ~[forge-1.15.2-31.1.37_mapped_stable_60-1.15-recomp.jar:?] {re:classloading,pl:runtimedistcleaner:A}
	at sun.reflect.NativeMethodAccessorImpl.invoke0(Native Method) ~[?:1.8.0_252] {}
	at sun.reflect.NativeMethodAccessorImpl.invoke(NativeMethodAccessorImpl.java:62) ~[?:1.8.0_252] {}
	at sun.reflect.DelegatingMethodAccessorImpl.invoke(DelegatingMethodAccessorImpl.java:43) ~[?:1.8.0_252] {}
	at java.lang.reflect.Method.invoke(Method.java:498) ~[?:1.8.0_252] {}
	at net.minecraftforge.userdev.FMLUserdevClientLaunchProvider.lambda$launchService$0(FMLUserdevClientLaunchProvider.java:55) ~[forge-1.15.2-31.1.37_mapped_stable_60-1.15-recomp.jar:?] {}
	at cpw.mods.modlauncher.LaunchServiceHandlerDecorator.launch(LaunchServiceHandlerDecorator.java:37) [modlauncher-5.0.0-milestone.4.jar:?] {}
	at cpw.mods.modlauncher.LaunchServiceHandler.launch(LaunchServiceHandler.java:54) [modlauncher-5.0.0-milestone.4.jar:?] {}
	at cpw.mods.modlauncher.LaunchServiceHandler.launch(LaunchServiceHandler.java:72) [modlauncher-5.0.0-milestone.4.jar:?] {}
	at cpw.mods.modlauncher.Launcher.run(Launcher.java:81) [modlauncher-5.0.0-milestone.4.jar:?] {}
	at cpw.mods.modlauncher.Launcher.main(Launcher.java:65) [modlauncher-5.0.0-milestone.4.jar:?] {}
	at net.minecraftforge.userdev.LaunchTesting.main(LaunchTesting.java:102) [forge-1.15.2-31.1.37_mapped_stable_60-1.15-recomp.jar:?] {}


A detailed walkthrough of the error, its code path and all known details is as follows:
---------------------------------------------------------------------------------------

-- Head --
Thread: Render thread
Stacktrace:
	at net.minecraft.client.MainWindow.loadIcon(MainWindow.java:188)
	at net.minecraft.client.MainWindow.setWindowIcon(MainWindow.java:152)
	at net.minecraft.client.Minecraft.<init>(Minecraft.java:380)

-- Initialization --
Details:
Stacktrace:
	at net.minecraft.client.main.Main.main(Main.java:141)
	at sun.reflect.NativeMethodAccessorImpl.invoke0(Native Method)
	at sun.reflect.NativeMethodAccessorImpl.invoke(NativeMethodAccessorImpl.java:62)
	at sun.reflect.DelegatingMethodAccessorImpl.invoke(DelegatingMethodAccessorImpl.java:43)
	at java.lang.reflect.Method.invoke(Method.java:498)
	at net.minecraftforge.userdev.FMLUserdevClientLaunchProvider.lambda$launchService$0(FMLUserdevClientLaunchProvider.java:55)
	at cpw.mods.modlauncher.LaunchServiceHandlerDecorator.launch(LaunchServiceHandlerDecorator.java:37)
	at cpw.mods.modlauncher.LaunchServiceHandler.launch(LaunchServiceHandler.java:54)
	at cpw.mods.modlauncher.LaunchServiceHandler.launch(LaunchServiceHandler.java:72)
	at cpw.mods.modlauncher.Launcher.run(Launcher.java:81)
	at cpw.mods.modlauncher.Launcher.main(Launcher.java:65)
	at net.minecraftforge.userdev.LaunchTesting.main(LaunchTesting.java:102)

-- System Details --
Details:
	Minecraft Version: 1.15.2
	Minecraft Version ID: 1.15.2
	Operating System: Windows 10 (amd64) version 10.0
	Java Version: 1.8.0_252, Amazon.com Inc.
	Java VM Version: OpenJDK 64-Bit Server VM (mixed mode), Amazon.com Inc.
	Memory: 403172064 bytes (384 MB) / 1033895936 bytes (986 MB) up to 1881145344 bytes (1794 MB)
	CPUs: 6
	JVM Flags: 1 total; -XX:HeapDumpPath=MojangTricksIntelDriversForPerformance_javaw.exe_minecraft.exe.heapdump
	Launched Version: MOD_DEV
	Backend library: LWJGL version 3.2.2 build 10
	Backend API: GeForce GTX 1050/PCIe/SSE2 GL version 4.6.0 NVIDIA 445.87, NVIDIA Corporation
	GL Caps: 
	Using VBOs: Yes
	Is Modded: Definitely; Client brand changed to 'forge'
	Type: Client (map_client.txt)
	CPU: <unknown>
[24kwi2020 12:27:27.802] [Render thread/INFO] [STDOUT/]: [net.minecraft.util.registry.Bootstrap:printToSYSOUT:103]: #@!@# Game crashed! Crash report saved to: #@!@# C:\Users\kwwil\Documents\repos\OnesBlocks2\run\.\crash-reports\crash-2020-04-24_12.27.27-client.txt
